cargo :    Compiling 
substream_contracts v0.0.0 
(C:\Users\USER\SubStream-Pr
otocol-Contracts\contracts\
substream_contracts)
At line:1 char:1
+ cargo test 
--manifest-path contracts/s
ubstream_contracts/Cargo.to
ml 2 ...
+ ~~~~~~~~~~~~~~~~~~~~~~~~~
~~~~~~~~~~~~~~~~~~~~~~~~~~~
~~~~~~~~~~~~~~~~~
    + CategoryInfo         
     : NotSpecified: (     
  Compiling su...ream_co   
 ntracts):String) [], R    
emoteException
    + FullyQualifiedErrorI 
   d : NativeCommandError
 
error: unexpected closing 
delimiter: `}`
   --> contracts\substream_
contracts\src\lib.rs:415:1
    |
386 |     pub fn calculate_
total_earned(env: Env, 
creator: Address) -> i128 {
    |                      
                           
                      - 
this delimiter might not 
be properly closed...
...
411 |         }
    |         - ...as it 
matches this but it has 
different indentation
...
415 | }
    | ^ unexpected closing 
delimiter

error: could not compile 
`substream_contracts` (lib 
test) due to 1 previous 
error
